
[1m[46m RUN [49m[22m [36mv3.2.4 [39m[90mC:/Users/Max/Desktop/Frameworks/united-we-stand-framework[39m

 [32mÔ£ô[39m tests/markers.test.tsx[2m > [22mhasManagedBlock[2m > [22mreturns false for empty string[32m 2[2mms[22m[39m
 [32mÔ£ô[39m tests/markers.test.tsx[2m > [22mhasManagedBlock[2m > [22mreturns false when markers are absent[32m 0[2mms[22m[39m
 [32mÔ£ô[39m tests/markers.test.tsx[2m > [22mhasManagedBlock[2m > [22mreturns true when both markers are present[32m 0[2mms[22m[39m
 [32mÔ£ô[39m tests/markers.test.tsx[2m > [22mhasManagedBlock[2m > [22mreturns false when only start marker is present[32m 0[2mms[22m[39m
 [32mÔ£ô[39m tests/markers.test.tsx[2m > [22mupsertManagedBlock[2m > [22mcreates a block in empty content[32m 1[2mms[22m[39m
 [32mÔ£ô[39m tests/markers.test.tsx[2m > [22mupsertManagedBlock[2m > [22mappends block when no markers exist[32m 1[2mms[22m[39m
 [32mÔ£ô[39m tests/markers.test.tsx[2m > [22mupsertManagedBlock[2m > [22mreplaces existing block[32m 1[2mms[22m[39m
 [32mÔ£ô[39m tests/markers.test.tsx[2m > [22mupsertManagedBlock[2m > [22mis idempotent ÔÇö re-inserting same content produces same result[32m 0[2mms[22m[39m
 [32mÔ£ô[39m tests/markers.test.tsx[2m > [22mupsertManagedBlock[2m > [22mpreserves all user content outside the managed block[32m 0[2mms[22m[39m
 [32mÔ£ô[39m tests/branch.test.tsx[2m > [22msanitizeBranchName[2m > [22mconverts slashes to dashes[32m 2[2mms[22m[39m
 [32mÔ£ô[39m tests/branch.test.tsx[2m > [22msanitizeBranchName[2m > [22mconverts backslashes to dashes[32m 0[2mms[22m[39m
 [32mÔ£ô[39m tests/branch.test.tsx[2m > [22msanitizeBranchName[2m > [22mlowercases the name[32m 0[2mms[22m[39m
 [32mÔ£ô[39m tests/branch.test.tsx[2m > [22msanitizeBranchName[2m > [22mreplaces spaces with dashes[32m 0[2mms[22m[39m
 [32mÔ£ô[39m tests/branch.test.tsx[2m > [22msanitizeBranchName[2m > [22mremoves special characters[32m 0[2mms[22m[39m
 [32mÔ£ô[39m tests/branch.test.tsx[2m > [22msanitizeBranchName[2m > [22mcollapses consecutive dashes[32m 0[2mms[22m[39m
 [32mÔ£ô[39m tests/branch.test.tsx[2m > [22msanitizeBranchName[2m > [22mtrims leading and trailing dashes[32m 0[2mms[22m[39m
 [32mÔ£ô[39m tests/branch.test.tsx[2m > [22msanitizeBranchName[2m > [22mpreserves underscores[32m 0[2mms[22m[39m
 [32mÔ£ô[39m tests/branch.test.tsx[2m > [22msanitizeBranchName[2m > [22mhandles main/master branches[32m 0[2mms[22m[39m
 [32mÔ£ô[39m tests/branch.test.tsx[2m > [22msanitizeBranchName[2m > [22mhandles complex branch names[32m 0[2mms[22m[39m
 [32mÔ£ô[39m tests/fs.test.tsx[2m > [22mfs helpers[2m > [22mwriteFileWithDirectories[2m > [22mcreates a file and parent directories[32m 5[2mms[22m[39m
 [32mÔ£ô[39m tests/fs.test.tsx[2m > [22mfs helpers[2m > [22mwriteFileIfMissing[2m > [22mwrites a file when it does not exist[32m 2[2mms[22m[39m
 [32mÔ£ô[39m tests/fs.test.tsx[2m > [22mfs helpers[2m > [22mwriteFileIfMissing[2m > [22mskips when file already exists[32m 2[2mms[22m[39m
 [32mÔ£ô[39m tests/fs.test.tsx[2m > [22mfs helpers[2m > [22mdry-run[2m > [22mdoes not write files in dry-run mode[32m 1[2mms[22m[39m
 [32mÔ£ô[39m tests/fs.test.tsx[2m > [22mfs helpers[2m > [22mupsertFileWithManagedBlock[2m > [22mcreates a new file with managed block[32m 3[2mms[22m[39m
 [32mÔ£ô[39m tests/fs.test.tsx[2m > [22mfs helpers[2m > [22mupsertFileWithManagedBlock[2m > [22mreplaces existing managed block[32m 3[2mms[22m[39m
 [32mÔ£ô[39m tests/fs.test.tsx[2m > [22mfs helpers[2m > [22mupsertFileWithManagedBlock[2m > [22mis idempotent[32m 5[2mms[22m[39m
 [32mÔ£ô[39m tests/fs.test.tsx[2m > [22mfs helpers[2m > [22mupsertFileWithManagedBlock[2m > [22mskips write when content is unchanged[32m 2[2mms[22m[39m
 [32mÔ£ô[39m tests/postinstall.test.tsx[2m > [22mpostinstall script[2m > [22mcreates AGENTS.md with managed block[33m 1243[2mms[22m[39m
 [32mÔ£ô[39m tests/postinstall.test.tsx[2m > [22mpostinstall script[2m > [22mcreates .github/copilot-instructions.md[33m 1133[2mms[22m[39m
 [32mÔ£ô[39m tests/postinstall.test.tsx[2m > [22mpostinstall script[2m > [22mcreates framework agent files[33m 1163[2mms[22m[39m
 [32mÔ£ô[39m tests/postinstall.test.tsx[2m > [22mpostinstall script[2m > [22mcreates standalone role agent files[33m 1123[2mms[22m[39m
 [32mÔ£ô[39m tests/postinstall.test.tsx[2m > [22mpostinstall script[2m > [22mdoes NOT create branch spec-driven files[33m 1112[2mms[22m[39m
 [32mÔ£ô[39m tests/postinstall.test.tsx[2m > [22mpostinstall script[2m > [22mis idempotent ÔÇö running logic twice produces same output[33m 2082[2mms[22m[39m
node.exe : 
At line:1 char:1
+ & "C:\Program 
Files\nodejs/node.exe" 
"C:\Program 
Files\nodejs/node_mo 
...
+ ~~~~~~~~~~~~~~~~~~~~~
~~~~~~~~~~~~~~~~~~~~~~~
~~~~~~~~~~~~~~~~~~~~~~~
~~
    + CategoryInfo     
         : NotSpecifi  
  ed: (:String) [],    
 RemoteException
    + FullyQualifiedEr 
   rorId : NativeComm  
  andError
 
[31mÔÄ»ÔÄ»ÔÄ»ÔÄ»ÔÄ»ÔÄ»
[39m[1m[41m Failed 
Suites 1 [49m[22m[31
mÔÄ»ÔÄ»ÔÄ»ÔÄ»ÔÄ»ÔÄ»ÔÄ»
[39m

[41m[1m FAIL 
[22m[49m tests/init.t
est.tsx[2m [ 
tests/init.test.tsx 
][22m
[31m[1mError[22m: 
Transform failed with 
1 error:
C:/Users/Max/Desktop/Fr
ameworks/united-we-stan
d-framework/src/command
s/init.tsx:102:0: 
ERROR: Unexpected end 
of file[39m
  Plugin: 
[35mvite:esbuild[39m
  File: [36mC:/Users/M
ax/Desktop/Frameworks/u
nited-we-stand-framewor
k/src/commands/init.tsx
[39m:102:0
[33m  
  [33mUnexpected end 
of file[33m
  100|          
logger.success(`Branch 
"${currentBranch}" 
initialized.`);
  101|      }
  102|  
     |  ^
  [39m
[90m [2mÔØ»[22m 
failureErrorWithLog nod
e_modules/esbuild/lib/m
ain.js:[2m1467:15[22m
[39m
[90m [2mÔØ»[22m node
_modules/esbuild/lib/ma
in.js:[2m736:50[22m[
39m
[90m [2mÔØ»[22m resp
onseCallbacks.<computed
> node_modules/esbuild/
lib/main.js:[2m603:9[
22m[39m
[90m [2mÔØ»[22m 
handleIncomingPacket no
de_modules/esbuild/lib/
main.js:[2m658:12[22m
[39m
[90m [2mÔØ»[22m 
Socket.readFromStdout n
ode_modules/esbuild/lib
/main.js:[2m581:7[22m
[39m

[31m[2mÔÄ»ÔÄ»ÔÄ»ÔÄ»ÔÄ
»ÔÄ»ÔÄ»ÔÄ»ÔÄ»ÔÄ»ÔÄ»ÔÄ»Ô
Ä»ÔÄ»ÔÄ»ÔÄ»ÔÄ»ÔÄ»ÔÄ»ÔÄ»
ÔÄ»ÔÄ»ÔÄ»ÔÄ»[1/1]ÔÄ»[2
2m[39m


[2m Test Files [22m [1m[31m1 failed[39m[22m[2m | [22m[1m[32m4 passed[39m[22m[90m (5)[39m
[2m      Tests [22m [1m[32m33 passed[39m[22m[90m (33)[39m
[2m   Start at [22m 23:11:55
[2m   Duration [22m 8.63s[2m (transform 326ms, setup 0ms, collect 489ms, tests 7.90s, environment 1ms, prepare 1.22s)[22m

